18:05:52 **** Incremental Build of configuration Debug for project CAN_Loopback_Test ****
make -j16 all 
arm-none-eabi-gcc "../Core/Src/main.c" -mcpu=cortex-m4 -std=gnu11 -g3 -DDEBUG -DUSE_HAL_DRIVER -DSTM32G431xx -c -I../Core/Inc -I../Drivers/STM32G4xx_HAL_Driver/Inc -I../Drivers/STM32G4xx_HAL_Driver/Inc/Legacy -I../Drivers/CMSIS/Device/ST/STM32G4xx/Include -I../Drivers/CMSIS/Include -O0 -ffunction-sections -fdata-sections -Wall -fstack-usage -fcyclomatic-complexity -MMD -MP -MF"Core/Src/main.d" -MT"Core/Src/main.o" --specs=nano.specs -mfpu=fpv4-sp-d16 -mfloat-abi=hard -mthumb -o "Core/Src/main.o"
arm-none-eabi-gcc -o "CAN_Loopback_Test.elf" @"objects.list"   -mcpu=cortex-m4 -T"C:\Users\wongr\My Stuff\UNSW\Sunswift\projects\CAN_Loopback_Test\STM32G431C8TX_FLASH.ld" --specs=nosys.specs -Wl,-Map="CAN_Loopback_Test.map" -Wl,--gc-sections -static --specs=nano.specs -mfpu=fpv4-sp-d16 -mfloat-abi=hard -mthumb -Wl,--start-group -lc -lm -Wl,--end-group
Finished building target: CAN_Loopback_Test.elf
 
arm-none-eabi-size  CAN_Loopback_Test.elf 
arm-none-eabi-objdump -h -S CAN_Loopback_Test.elf  > "CAN_Loopback_Test.list"
   text	   data	    bss	    dec	    hex	filename
  14944	    104	   2008	  17056	   42a0	CAN_Loopback_Test.elf
Finished building: default.size.stdout
 
Finished building: CAN_Loopback_Test.list
 

18:05:53 Build Finished. 0 errors, 0 warnings. (took 1s.425ms)

