02:26:56 **** Incremental Build of configuration Debug for project blink_led_timer_interrupt ****
make -j16 all 
arm-none-eabi-gcc "../Core/Src/main.c" -mcpu=cortex-m4 -std=gnu11 -g3 -DDEBUG -DUSE_HAL_DRIVER -DSTM32G431xx -c -I../Core/Inc -I../Drivers/STM32G4xx_HAL_Driver/Inc -I../Drivers/STM32G4xx_HAL_Driver/Inc/Legacy -I../Drivers/CMSIS/Device/ST/STM32G4xx/Include -I../Drivers/CMSIS/Include -O0 -ffunction-sections -fdata-sections -Wall -fstack-usage -fcyclomatic-complexity -MMD -MP -MF"Core/Src/main.d" -MT"Core/Src/main.o" --specs=nano.specs -mfpu=fpv4-sp-d16 -mfloat-abi=hard -mthumb -o "Core/Src/main.o"
arm-none-eabi-gcc -o "blink_led_timer_interrupt.elf" @"objects.list"   -mcpu=cortex-m4 -T"C:\Users\wongr\My Stuff\UNSW\Sunswift\projects\blink_led_timer_interrupt\STM32G431CBTX_FLASH.ld" --specs=nosys.specs -Wl,-Map="blink_led_timer_interrupt.map" -Wl,--gc-sections -static --specs=nano.specs -mfpu=fpv4-sp-d16 -mfloat-abi=hard -mthumb -Wl,--start-group -lc -lm -Wl,--end-group
Finished building target: blink_led_timer_interrupt.elf
 
arm-none-eabi-size  blink_led_timer_interrupt.elf 
arm-none-eabi-objdump -h -S blink_led_timer_interrupt.elf  > "blink_led_timer_interrupt.list"
   text	   data	    bss	    dec	    hex	filename
   8712	     12	   1644	  10368	   2880	blink_led_timer_interrupt.elf
Finished building: default.size.stdout
 
Finished building: blink_led_timer_interrupt.list
 
