18:00:54 **** Incremental Build of configuration Debug for project Nucleo_Encoder_With_Timer ****
make -j16 all 
arm-none-eabi-gcc "../Core/Src/main.c" -mcpu=cortex-m4 -std=gnu11 -g3 -DDEBUG -DUSE_HAL_DRIVER -DSTM32F446xx -c -I../Core/Inc -I../Drivers/STM32F4xx_HAL_Driver/Inc -I../Drivers/STM32F4xx_HAL_Driver/Inc/Legacy -I../Drivers/CMSIS/Device/ST/STM32F4xx/Include -I../Drivers/CMSIS/Include -O0 -ffunction-sections -fdata-sections -Wall -fstack-usage -fcyclomatic-complexity -MMD -MP -MF"Core/Src/main.d" -MT"Core/Src/main.o" --specs=nano.specs -mfpu=fpv4-sp-d16 -mfloat-abi=hard -mthumb -o "Core/Src/main.o"
arm-none-eabi-gcc -o "Nucleo_Encoder_With_Timer.elf" @"objects.list"   -mcpu=cortex-m4 -T"C:\Users\wongr\My Stuff\UNSW\Sunswift\projects\Nucleo_Encoder_With_Timer\STM32F446RETX_FLASH.ld" --specs=nosys.specs -Wl,-Map="Nucleo_Encoder_With_Timer.map" -Wl,--gc-sections -static --specs=nano.specs -mfpu=fpv4-sp-d16 -mfloat-abi=hard -mthumb -Wl,--start-group -lc -lm -Wl,--end-group
Finished building target: Nucleo_Encoder_With_Timer.elf
 
arm-none-eabi-size  Nucleo_Encoder_With_Timer.elf 
arm-none-eabi-objdump -h -S Nucleo_Encoder_With_Timer.elf  > "Nucleo_Encoder_With_Timer.list"
   text	   data	    bss	    dec	    hex	filename
  14748	    104	   2048	  16900	   4204	Nucleo_Encoder_With_Timer.elf
Finished building: default.size.stdout
 
Finished building: Nucleo_Encoder_With_Timer.list
 
18:00:57 **** Incremental Build of configuration Debug for project Nucleo_Encoder_With_Timer ****
make -j16 all 
arm-none-eabi-size  Nucleo_Encoder_With_Timer.elf 
   text	   data	    bss	    dec	    hex	filename
  14748	    104	   2048	  16900	   4204	Nucleo_Encoder_With_Timer.elf
Finished building: default.size.stdout
 
