15:51:09 **** Build of configuration Debug for project ITM_Viewer_Test ****
make -j16 all 
arm-none-eabi-gcc "../Core/Src/main.c" -mcpu=cortex-m4 -std=gnu11 -g3 -DDEBUG -DUSE_HAL_DRIVER -DSTM32G431xx -c -I../Core/Inc -I../Drivers/STM32G4xx_HAL_Driver/Inc -I../Drivers/STM32G4xx_HAL_Driver/Inc/Legacy -I../Drivers/CMSIS/Device/ST/STM32G4xx/Include -I../Drivers/CMSIS/Include -O0 -ffunction-sections -fdata-sections -Wall -fstack-usage -fcyclomatic-complexity -MMD -MP -MF"Core/Src/main.d" -MT"Core/Src/main.o" --specs=nano.specs -mfpu=fpv4-sp-d16 -mfloat-abi=hard -mthumb -o "Core/Src/main.o"
arm-none-eabi-gcc -o "ITM_Viewer_Test.elf" @"objects.list"   -mcpu=cortex-m4 -T"C:\Users\wongr\My Stuff\UNSW\Sunswift\projects\ITM_Viewer_Test\STM32G431C8TX_FLASH.ld" --specs=nosys.specs -Wl,-Map="ITM_Viewer_Test.map" -Wl,--gc-sections -static --specs=nano.specs -mfpu=fpv4-sp-d16 -mfloat-abi=hard -mthumb -Wl,--start-group -lc -lm -Wl,--end-group
Finished building target: ITM_Viewer_Test.elf
 
arm-none-eabi-size  ITM_Viewer_Test.elf 
arm-none-eabi-objdump -h -S ITM_Viewer_Test.elf  > "ITM_Viewer_Test.list"
   text	   data	    bss	    dec	    hex	filename
  10064	    104	   1904	  12072	   2f28	ITM_Viewer_Test.elf
Finished building: default.size.stdout
 
Finished building: ITM_Viewer_Test.list
 

15:51:12 Build Finished. 0 errors, 0 warnings. (took 2s.307ms)

