01:33:06 **** Incremental Build of configuration Debug for project Led_Blink_Interrupts ****
make -j16 all 
arm-none-eabi-gcc "../Core/Src/main.c" -mcpu=cortex-m4 -std=gnu11 -g3 -DDEBUG -DUSE_HAL_DRIVER -DSTM32G431xx -c -I../Core/Inc -I../Drivers/STM32G4xx_HAL_Driver/Inc -I../Drivers/STM32G4xx_HAL_Driver/Inc/Legacy -I../Drivers/CMSIS/Device/ST/STM32G4xx/Include -I../Drivers/CMSIS/Include -O0 -ffunction-sections -fdata-sections -Wall -fstack-usage -fcyclomatic-complexity -MMD -MP -MF"Core/Src/main.d" -MT"Core/Src/main.o" --specs=nano.specs -mfpu=fpv4-sp-d16 -mfloat-abi=hard -mthumb -o "Core/Src/main.o"
arm-none-eabi-gcc -o "Led_Blink_Interrupts.elf" @"objects.list"   -mcpu=cortex-m4 -T"C:\Users\wongr\My Stuff\UNSW\Sunswift\projects\Led_Blink_Interrupts\STM32G431C8TX_FLASH.ld" --specs=nosys.specs -Wl,-Map="Led_Blink_Interrupts.map" -Wl,--gc-sections -static --specs=nano.specs -mfpu=fpv4-sp-d16 -mfloat-abi=hard -mthumb -Wl,--start-group -lc -lm -Wl,--end-group
Finished building target: Led_Blink_Interrupts.elf
 
arm-none-eabi-size  Led_Blink_Interrupts.elf 
arm-none-eabi-objdump -h -S Led_Blink_Interrupts.elf  > "Led_Blink_Interrupts.list"
   text	   data	    bss	    dec	    hex	filename
   8724	     12	   1644	  10380	   288c	Led_Blink_Interrupts.elf
Finished building: default.size.stdout
 
Finished building: Led_Blink_Interrupts.list
 

01:33:07 Build Finished. 0 errors, 0 warnings. (took 1s.214ms)

