01:59:28 **** Incremental Build of configuration Debug for project Led_PWM_Button ****
make -j16 all 
arm-none-eabi-gcc "../Core/Src/main.c" -mcpu=cortex-m4 -std=gnu11 -g3 -DDEBUG -DUSE_HAL_DRIVER -DSTM32G431xx -c -I../Core/Inc -I../Drivers/STM32G4xx_HAL_Driver/Inc -I../Drivers/STM32G4xx_HAL_Driver/Inc/Legacy -I../Drivers/CMSIS/Device/ST/STM32G4xx/Include -I../Drivers/CMSIS/Include -O0 -ffunction-sections -fdata-sections -Wall -fstack-usage -fcyclomatic-complexity -MMD -MP -MF"Core/Src/main.d" -MT"Core/Src/main.o" --specs=nano.specs -mfpu=fpv4-sp-d16 -mfloat-abi=hard -mthumb -o "Core/Src/main.o"
arm-none-eabi-gcc -o "Led_PWM_Button.elf" @"objects.list"   -mcpu=cortex-m4 -T"C:\Users\wongr\My Stuff\UNSW\Sunswift\projects\Led_PWM_Button\STM32G431C8TX_FLASH.ld" --specs=nosys.specs -Wl,-Map="Led_PWM_Button.map" -Wl,--gc-sections -static --specs=nano.specs -mfpu=fpv4-sp-d16 -mfloat-abi=hard -mthumb -Wl,--start-group -lc -lm -Wl,--end-group
Finished building target: Led_PWM_Button.elf
 
arm-none-eabi-size  Led_PWM_Button.elf 
arm-none-eabi-objdump -h -S Led_PWM_Button.elf  > "Led_PWM_Button.list"
   text	   data	    bss	    dec	    hex	filename
  10636	     12	   1644	  12292	   3004	Led_PWM_Button.elf
Finished building: default.size.stdout
 
Finished building: Led_PWM_Button.list
 

01:59:29 Build Finished. 0 errors, 0 warnings. (took 1s.202ms)

