20:17:20 **** Incremental Build of configuration Debug for project UART_ To_STM32G431 ****
make -j16 all 
arm-none-eabi-gcc "../Core/Src/main.c" -mcpu=cortex-m4 -std=gnu11 -g3 -DDEBUG -DUSE_HAL_DRIVER -DSTM32F446xx -c -I../Core/Inc -I../Drivers/STM32F4xx_HAL_Driver/Inc -I../Drivers/STM32F4xx_HAL_Driver/Inc/Legacy -I../Drivers/CMSIS/Device/ST/STM32F4xx/Include -I../Drivers/CMSIS/Include -O0 -ffunction-sections -fdata-sections -Wall -fstack-usage -fcyclomatic-complexity -MMD -MP -MF"Core/Src/main.d" -MT"Core/Src/main.o" --specs=nano.specs -mfpu=fpv4-sp-d16 -mfloat-abi=hard -mthumb -o "Core/Src/main.o"
arm-none-eabi-gcc -o "UART_ To_STM32G431.elf" @"objects.list"   -mcpu=cortex-m4 -T"C:\Users\wongr\My Stuff\UNSW\Sunswift\projects\UART_ To_STM32G431\STM32F446RETX_FLASH.ld" --specs=nosys.specs -Wl,-Map="UART_ To_STM32G431.map" -Wl,--gc-sections -static --specs=nano.specs -mfpu=fpv4-sp-d16 -mfloat-abi=hard -mthumb -Wl,--start-group -lc -lm -Wl,--end-group
Finished building target: UART_ To_STM32G431.elf
 
arm-none-eabi-size  UART_\ To_STM32G431.elf 
arm-none-eabi-objdump -h -S UART_\ To_STM32G431.elf  > "UART_ To_STM32G431.list"
   text	   data	    bss	    dec	    hex	filename
  11780	     16	   1648	  13444	   3484	UART_ To_STM32G431.elf
Finished building: default.size.stdout
 
Finished building: UART_ To_STM32G431.list
 

20:17:22 Build Finished. 0 errors, 0 warnings. (took 1s.402ms)

