17:27:59 **** Incremental Build of configuration Debug for project UART_Board_2 ****
make -j16 all 
arm-none-eabi-gcc "../Core/Src/main.c" -mcpu=cortex-m4 -std=gnu11 -g3 -DDEBUG -DUSE_HAL_DRIVER -DSTM32G431xx -c -I../Core/Inc -I../Drivers/STM32G4xx_HAL_Driver/Inc -I../Drivers/STM32G4xx_HAL_Driver/Inc/Legacy -I../Drivers/CMSIS/Device/ST/STM32G4xx/Include -I../Drivers/CMSIS/Include -O0 -ffunction-sections -fdata-sections -Wall -fstack-usage -fcyclomatic-complexity -MMD -MP -MF"Core/Src/main.d" -MT"Core/Src/main.o" --specs=nano.specs -mfpu=fpv4-sp-d16 -mfloat-abi=hard -mthumb -o "Core/Src/main.o"
arm-none-eabi-gcc -o "UART_Board_2.elf" @"objects.list"   -mcpu=cortex-m4 -T"C:\Users\wongr\My Stuff\UNSW\Sunswift\projects\UART_Board_2\STM32G431C8TX_FLASH.ld" --specs=nosys.specs -Wl,-Map="UART_Board_2.map" -Wl,--gc-sections -static --specs=nano.specs -mfpu=fpv4-sp-d16 -mfloat-abi=hard -mthumb -Wl,--start-group -lc -lm -Wl,--end-group
Finished building target: UART_Board_2.elf
 
arm-none-eabi-size  UART_Board_2.elf 
arm-none-eabi-objdump -h -S UART_Board_2.elf  > "UART_Board_2.list"
   text	   data	    bss	    dec	    hex	filename
  11692	     12	   1716	  13420	   346c	UART_Board_2.elf
Finished building: default.size.stdout
 
Finished building: UART_Board_2.list
 

17:28:00 Build Finished. 0 errors, 0 warnings. (took 1s.254ms)

